>>> from src.HumanPlayer import HumanPlayer
>>> from src.Card import Card

Checking instantiation
>>> player = HumanPlayer("Darryl")

Checking card actions
>>> player.receive_card(Card("Ace", "Spades"))
Darryl receives a Ace of Spades
>>> player.check_hand()
Darryl has the following cards in hand:
Ace of Spades
Darryl thereby has a total of 11
>>> player.receive_card(Card("King", "Diamonds"))
Darryl receives a King of Diamonds
>>> player.receive_card(Card("Queen", "Hearts"))
Darryl receives a Queen of Hearts
>>> player.get_hand_value()
21

Checking money actions
>>> player.receive_money(100)
>>> player.check_money()
100
>>> player.place_bet(20)
20
>>> player.check_money()
80

Checking invalid money actions
>>> player.receive_money(-80)
Traceback (most recent call last):
src.Errors.NegativeMoneyError: A negative monetary value was given!
>>> player.place_bet(-20)
Traceback (most recent call last):
src.Errors.NegativeMoneyError: A negative monetary value was given!
>>> player.place_bet(100)
Traceback (most recent call last):
src.Errors.NotEnoughMoneyError: You do not have enough money!
>>> player.place_bet("NaN")
Traceback (most recent call last):
TypeError: unorderable types: str() > int()